data/marketing_data.csv
date,tv_spend,digital_spend,social_spend,price,promotion,sales
2023-12-05,2896.695316349301,836.0366923474356,902.8576679893201,16.668642575461043,0,17753.299144299934
2023-12-06,1391.3366426040059,658.4374261819194,788.3062858119389,11.396512547563129,0,17265.845995903557
2023-12-07,2966.4635004673296,2974.9005809748633,803.7238047751831,10.29973589872678,1,20027.902851366045
2023-12-08,2893.8870831222625,1305.8846124368074,697.1331767848469,13.079299415911908,1,17188.100433098683
2023-12-09,1692.8074796400608,2524.6861146365873,371.5584223818152,17.046807627366466,0,14480.940131695503
2023-12-10,2735.406596951892,1136.6016369094095,330.38568904680346,12.018534521229483,0,16105.65139739257
2023-12-11,2594.018937589494,2203.756805559823,1979.1280625512536,16.734324333249173,0,16371.512332207441
2023-12-12,3463.400392208866,2400.5696497242166,1027.214327350966,19.699120461072706,1,19862.05084648854
2023-12-13,3540.374603470575,1989.0968515196107,953.3553001714589,10.939007157894183,0,18137.68861774978
2023-12-14,1181.2160390881781,1678.9404713753959,1455.4003805782188,16.726021182251262,0,16462.39716775648
2023-12-15,2498.450458505885,1529.6022853681714,671.0316093706091,14.437502193045711,0,15246.180332480184
2023-12-16,3503.4396628569457,1372.1706663574882,1914.934012715383,18.681422543775053,0,15286.543337907176
2023-12-17,3012.5450343203506,2823.822860619565,1636.7865245064386,11.771497894473859,0,17977.23441074363
2023-12-18,4425.959364753289,2576.548519469323,451.99870393084115,16.926259522261645,1,23146.66552198375
2023-12-19,3634.77452647578,2912.5672766662815,1009.8873188343782,18.3811528964811,0,15751.98239663692
2023-12-20,1651.7377083257188,810.7430587138618,1794.50112285568,19.446142194740233,0,15721.908523405771
2023-12-21,1282.2749896017194,2327.1686880091106,1906.0444378953976,16.83248028289646,0,17280.314512454534
2023-12-22,3569.6771128252626,2845.8511420525947,1094.5825691247785,14.971747640084272,1,18150.985344193577
2023-12-23,1106.0452421664872,953.0826654141504,1342.799361658203,16.17847240201214,0,16248.852480997788
2023-12-24,3343.1023250938533,666.2406684169438,583.9577083565279,18.68904984478718,1,19338.325913262674
2023-12-25,4760.92096569983,2352.8016232251475,1984.9866644328602,15.706097466388297,0,20390.46041648865
2023-12-26,3301.8967115035157,1936.1827829497797,693.8418923518537,10.303870596968368,0,18368.64473442417
2023-12-27,2552.679704826088,2604.57194189568,1902.6440160297136,19.30948695506978,0,18289.49794888239
2023-12-28,3573.1528737694125,849.4309415657237,1404.3993032870264,16.895267510315612,0,17921.09732701145
2023-12-29,2833.0115619660664,2488.1682796497253,1333.1525512940605,16.765133857772465,0,14520.39350041392
2023-12-30,3182.46715726374,1004.0683001193613,1171.5704687280645,12.15675152397717,1,20473.47934404521
2023-12-31,4765.859235106101,909.1398571642612,692.1386799201898,16.58885470232657,0,16096.969092026031
